  repo-with-a-very-long-name:git feature review HEAD +4 -2                             docs/  +4 -2 
╭────────────────╮                                                                                  
│ ▾  docs       │                                                                                  
│   ▾  sub      │                                                                                  
│        api.go │                                      difi                                        
│      guide.md │                                                                                  
│ ▾  src        │               A calm, focused way to review Git & Jujutsu diffs.                 
│   ▾  app      │                                                                                  
│        main.… │                                 Directory: docs                                  
│                │                                                                                  
│                │                                                                                  
│                │                                                                                  
│                │       Usage Patterns                                Navigation                   
│                │                                                                                  
│                │       difi    Auto-detect backend, review HEAD/@    Tab    Switch panels         
│                │       difi --vcs git    Force Git mode              j/k    Move cursor           
│                │       difi --vcs jj @-    Review a JJ revset                                     
│                │                                                                                  
│                │       Neovim Integration                                                         
│                │                                                                                  
│                │       oug-t/difi.nvim  Install plugin                                            
│                │       Press 'e'          Edit with context                                       
│                │                                                                                  
│                │                                                                                  
│                │                                                                                  
│                │                                                                                  
╰────────────────╯                                                                                  
 ? Help  x Undo Hunk (Git)  q Quit  Tab Switch                                                      