  repo-with-a-very-long-name:git feature review HEAD +4 -2                             docs/  +4 -2 
╭────────────────╮                                                                                  
│ ▾  docs       │                                                                                  
│   ▾  sub      │                                                                                  
│        api.go │                                                                                  
│      guide.md │                                                                                  
│ ▾  src        │                                      difi                                        
│   ▾  app      │                                                                                  
│        main.… │               A calm, focused way to review Git & Jujutsu diffs.                 
│                │                                                                                  
│                │                                 Directory: docs                                  
│                │                                                                                  
│                │                                                                                  
│                │                                                                                  
│                │         Usage Patterns                            Navigation                     
│                │                                                                                  
│                │         difi    Review default target             Tab    Switch panels           
│                │         difi src    Limit review to src           j/k    Move cursor             
│                │         difi --target @-    Review a JJ revset                                   
│                │                                                                                  
│                │                                                                                  
│                │                                                                                  
│                │                                                                                  
│                │                                                                                  
│                │                                                                                  
│                │                                                                                  
╰────────────────╯                                                                                  
 ? Help  x Undo Hunk (Git)  q Quit  Tab Switch                                                      