  repo-with-a-very-long-name:git  feature ➜ HEAD                      
                                                                      
                                                                      
                                 difi                                 
                                                                      
         A calm, focused way to review Git & Mercurial diffs.         
                                                                      
                     No changes found against HEAD                    
                                                                      
                                                                      
                                                                      
Usage Patterns                                    Navigation          
                                                                      
difi    Auto-detect VCS, diff against main/tip    Tab    Switch panels
difi --vcs git    Force Git mode                  j/k    Move cursor  
difi --vcs hg    Force Mercurial mode                                 
                                                                      
Neovim Integration                                                    
                                                                      
oug-t/difi.nvim  Install plugin                                       
Press 'e'          Edit with context                                  
                                                                      
                                                                      
 ? Help  x Undo Hunk  q Quit  Tab Switch                              