  repo-with-a-very-long-name:git feature review HEAD                                                          
                                                                                                              
                                                                                                              
                                                                                                              
                                                                                                              
                                                                                                              
                                                                                                              
                                                     difi                                                     
                                                                                                              
                              A calm, focused way to review Git & Jujutsu diffs.                              
                                                                                                              
                                           No changes found for HEAD                                          
                                                                                                              
                                                                                                              
                                                                                                              
Usage Patterns                                  Navigation                Neovim Integration                  
                                                                                                              
difi    Auto-detect backend, review HEAD/@      Tab    Switch panels      oug-t/difi.nvim  Install plugin     
difi --vcs git    Force Git mode                j/k    Move cursor        Press 'e'          Edit with context
difi --vcs jj @-    Review a JJ revset                                                                        
                                                                                                              
                                                                                                              
                                                                                                              
                                                                                                              
                                                                                                              
                                                                                                              
                                                                                                              
 ? Help  x Undo Hunk (Git)  q Quit  Tab Switch                                                                